2026-07-31 13:39:25.282 UTC [INFO    ] MainThread - No .env file found at {Path.cwd() / '.env'}
2026-07-31 13:39:25.314 UTC [INFO    ] MainThread - Loaded local config file
2026-07-31 13:39:25.317 UTC [DEBUG   ] ThreadPoolExecutor-0_0 - Encoding `client_id` "6c6c0bfb-5325-4c7a-8f47-e445e2687a63" with `client_secret` as Basic auth credentials.
2026-07-31 13:39:25.318 UTC [DEBUG   ] ThreadPoolExecutor-0_0 - Requesting url https://login.microsoftonline.com/94c3e67c-9e2d-4800-a6b7-635d97882165/oauth2/v2.0/token using method POST.
2026-07-31 13:39:25.318 UTC [DEBUG   ] ThreadPoolExecutor-0_0 - Supplying headers {'Accept': 'application/json', 'Content-Type': 'application/x-www-form-urlencoded;charset=UTF-8'} and data {'grant_type': 'client_credentials', 'scope': 'https://az-phx-001.cognitedata.com/.default'}
2026-07-31 13:39:25.326 UTC [DEBUG   ] ThreadPoolExecutor-0_0 - Passing through key word arguments {'timeout': None, 'auth': <requests.auth.HTTPBasicAuth object at 0x000001D8CB0FB860>, 'verify': False, 'proxies': None, 'cert': None}.
2026-07-31 13:39:25.329 UTC [DEBUG   ] ThreadPoolExecutor-0_0 - Starting new HTTPS connection (1): login.microsoftonline.com:443
2026-07-31 13:39:25.691 UTC [DEBUG   ] ThreadPoolExecutor-0_0 - https://login.microsoftonline.com:443 "POST /94c3e67c-9e2d-4800-a6b7-635d97882165/oauth2/v2.0/token HTTP/1.1" 200 1528
2026-07-31 13:39:25.691 UTC [DEBUG   ] ThreadPoolExecutor-0_0 - Request to fetch token completed with status 200.
2026-07-31 13:39:25.691 UTC [DEBUG   ] ThreadPoolExecutor-0_0 - Request url was https://login.microsoftonline.com/94c3e67c-9e2d-4800-a6b7-635d97882165/oauth2/v2.0/token
2026-07-31 13:39:25.691 UTC [DEBUG   ] ThreadPoolExecutor-0_0 - Request headers were {'User-Agent': 'python-requests/2.32.4', 'Accept-Encoding': 'gzip, deflate', 'Accept': 'application/json', 'Connection': 'keep-alive', 'Content-Type': 'application/x-www-form-urlencoded;charset=UTF-8', 'Content-Length': '87', 'Authorization': 'Basic NmM2YzBiZmItNTMyNS00YzdhLThmNDctZTQ0NWUyNjg3YTYzOjVGTThRfjhLaU45bkNZY0hURmdnMWV5clZEbjZ2M0hGSWNTNVphQm8='}
2026-07-31 13:39:25.691 UTC [DEBUG   ] ThreadPoolExecutor-0_0 - Request body was grant_type=client_credentials&scope=https%3A%2F%2Faz-phx-001.cognitedata.com%2F.default
2026-07-31 13:39:25.691 UTC [DEBUG   ] ThreadPoolExecutor-0_0 - Response headers were {'Cache-Control': 'no-store, no-cache', 'Pragma': 'no-cache', 'Content-Type': 'application/json; charset=utf-8', 'Expires': '-1', 'Strict-Transport-Security': 'max-age=31536000; includeSubDomains', 'X-Content-Type-Options': 'nosniff', 'x-ms-clientdata': 'e|||microsoftonline.com|none', 'P3P': 'CP="DSP CUR OTPi IND OTRi ONL FIN"', 'x-ms-request-id': '9639d24e-639e-4e08-b921-e550a34f0300', 'x-ms-ests-server': '2.1.24997.8 - SCUS ProdSlices', 'x-ms-srs': '1.P', 'Content-Security-Policy-Report-Only': "object-src 'none'; base-uri 'self'; script-src 'self' 'nonce-YrBZnX9SR4k8QTRBtZGpEw' 'unsafe-inline' 'unsafe-eval' https://*.msauth.net https://*.msftauth.net https://*.msftauthimages.net https://*.msauthimages.net https://*.msidentity.com https://*.microsoftonline-p.com https://*.microsoftazuread-sso.com https://*.azureedge.net https://*.outlook.com https://*.office.com https://*.office365.com https://*.microsoft.com https://*.bing.com 'report-sample'; report-uri https://csp.microsoft.com/report/ESTS-UX-All", 'X-XSS-Protection': '0', 'Set-Cookie': 'fpc=Ak9rFbIs9-lMhCostWCacoBkAo9ZAQAAAIyc_uEOAAAA; expires=Sun, 30-Aug-2026 13:39:25 GMT; path=/; secure; HttpOnly; SameSite=None, x-ms-gateway-slice=estsfd; path=/; secure; samesite=none; httponly, stsservicecookie=estsfd; path=/; secure; samesite=none; httponly', 'Date': 'Fri, 31 Jul 2026 13:39:24 GMT', 'Content-Length': '1528'} and content {"token_type":"Bearer","expires_in":3599,"ext_expires_in":3599,"access_token":"eyJ0eXAiOiJKV1QiLCJhbGciOiJSUzI1NiIsIng1dCI6ImFGa21LVkZjLTRXVjZzWENCdk5aa1hJNTA1WSIsImtpZCI6ImFGa21LVkZjLTRXVjZzWENCdk5aa1hJNTA1WSJ9.eyJhdWQiOiJodHRwczovL2F6LXBoeC0wMDEuY29nbml0ZWRhdGEuY29tIiwiaXNzIjoiaHR0cHM6Ly9zdHMud2luZG93cy5uZXQvOTRjM2U2N2MtOWUyZC00ODAwLWE2YjctNjM1ZDk3ODgyMTY1LyIsImlhdCI6MTc4NTUwNDg2NSwibmJmIjoxNzg1NTA0ODY1LCJleHAiOjE3ODU1MDg3NjUsImFpbyI6IkFTUUEyLzhjQUFBQTFkK2NNcXhDcGtmQS9QTDFhdExXMDI4SXdpTmd6WWZrREpsQnQyZjNQMk09IiwiYXBwaWQiOiI2YzZjMGJmYi01MzI1LTRjN2EtOGY0Ny1lNDQ1ZTI2ODdhNjMiLCJhcHBpZGFjciI6IjEiLCJncm91cHMiOlsiMGU0YmM3MzUtMmE1Ny00NWY4LWJlZDctNWQ1ZmNhNWQ2ZjliIl0sImlkcCI6Imh0dHBzOi8vc3RzLndpbmRvd3MubmV0Lzk0YzNlNjdjLTllMmQtNDgwMC1hNmI3LTYzNWQ5Nzg4MjE2NS8iLCJvaWQiOiJkZTk0ZDZhNi05NmI4LTQxMjYtODAxYi01OWYyMDA3OWI4NzQiLCJyaCI6IjEuQVFNQWZPYkRsQzJlQUVpbXQyTmRsNGdoWmNPenNyUzkxZ05CbDRKVi1rcjd4QWtBQUFBREFBLiIsInN1YiI6ImRlOTRkNmE2LTk2YjgtNDEyNi04MDFiLTU5ZjIwMDc5Yjg3NCIsInRpZCI6Ijk0YzNlNjdjLTllMmQtNDgwMC1hNmI3LTYzNWQ5Nzg4MjE2NSIsInV0aSI6IlR0STVscDVqQ0U2NUllVlFvMDhEQUEiLCJ2ZXIiOiIxLjAiLCJ4bXNfZnRkIjoiSExHdkYwS0hjTnVXUEl2VzVUd05qZDNhMUxNNDZJVW9uZjFuSkZ0ZGw3SUJkWE56YjNWMGFDMWtjMjF6In0.KtyiLaeUNqP5Catr2MoBClrIxBst0TkucrjWOFe9ExHIaRm2CilD8_SlfbmyRxaZwusiIKJpbnBAn-UmqcuA7m66meBUg0tiHV5IoQHBCnE3V0LAGMQDJfhkf_ilXUXfaEE9UbtccfQ9aBpOUVtdlKJvbbss1GsF1rGel82QSl4Ewgqw1mZ2WUN23qoa1HgXjjx94Wcl4KZoCVGYOgdUt3PJQICQ0GL_vy0V387A6-aIDtzM_ajTikREb6iC52RRpfEJ4tNELm_HnbT6UJMxHmenxtEvZ-afXat-Hw2lC0yWuYAGaCe_oDZumCPjsbMlJFLPdnj1QfXuJNndULcjdw"}.
2026-07-31 13:39:25.691 UTC [DEBUG   ] ThreadPoolExecutor-0_0 - Invoking 0 token response hooks.
2026-07-31 13:39:25.691 UTC [DEBUG   ] ThreadPoolExecutor-0_0 - Obtained token {'token_type': 'Bearer', 'expires_in': 3599, 'ext_expires_in': 3599, 'access_token': 'eyJ0eXAiOiJKV1QiLCJhbGciOiJSUzI1NiIsIng1dCI6ImFGa21LVkZjLTRXVjZzWENCdk5aa1hJNTA1WSIsImtpZCI6ImFGa21LVkZjLTRXVjZzWENCdk5aa1hJNTA1WSJ9.eyJhdWQiOiJodHRwczovL2F6LXBoeC0wMDEuY29nbml0ZWRhdGEuY29tIiwiaXNzIjoiaHR0cHM6Ly9zdHMud2luZG93cy5uZXQvOTRjM2U2N2MtOWUyZC00ODAwLWE2YjctNjM1ZDk3ODgyMTY1LyIsImlhdCI6MTc4NTUwNDg2NSwibmJmIjoxNzg1NTA0ODY1LCJleHAiOjE3ODU1MDg3NjUsImFpbyI6IkFTUUEyLzhjQUFBQTFkK2NNcXhDcGtmQS9QTDFhdExXMDI4SXdpTmd6WWZrREpsQnQyZjNQMk09IiwiYXBwaWQiOiI2YzZjMGJmYi01MzI1LTRjN2EtOGY0Ny1lNDQ1ZTI2ODdhNjMiLCJhcHBpZGFjciI6IjEiLCJncm91cHMiOlsiMGU0YmM3MzUtMmE1Ny00NWY4LWJlZDctNWQ1ZmNhNWQ2ZjliIl0sImlkcCI6Imh0dHBzOi8vc3RzLndpbmRvd3MubmV0Lzk0YzNlNjdjLTllMmQtNDgwMC1hNmI3LTYzNWQ5Nzg4MjE2NS8iLCJvaWQiOiJkZTk0ZDZhNi05NmI4LTQxMjYtODAxYi01OWYyMDA3OWI4NzQiLCJyaCI6IjEuQVFNQWZPYkRsQzJlQUVpbXQyTmRsNGdoWmNPenNyUzkxZ05CbDRKVi1rcjd4QWtBQUFBREFBLiIsInN1YiI6ImRlOTRkNmE2LTk2YjgtNDEyNi04MDFiLTU5ZjIwMDc5Yjg3NCIsInRpZCI6Ijk0YzNlNjdjLTllMmQtNDgwMC1hNmI3LTYzNWQ5Nzg4MjE2NSIsInV0aSI6IlR0STVscDVqQ0U2NUllVlFvMDhEQUEiLCJ2ZXIiOiIxLjAiLCJ4bXNfZnRkIjoiSExHdkYwS0hjTnVXUEl2VzVUd05qZDNhMUxNNDZJVW9uZjFuSkZ0ZGw3SUJkWE56YjNWMGFDMWtjMjF6In0.KtyiLaeUNqP5Catr2MoBClrIxBst0TkucrjWOFe9ExHIaRm2CilD8_SlfbmyRxaZwusiIKJpbnBAn-UmqcuA7m66meBUg0tiHV5IoQHBCnE3V0LAGMQDJfhkf_ilXUXfaEE9UbtccfQ9aBpOUVtdlKJvbbss1GsF1rGel82QSl4Ewgqw1mZ2WUN23qoa1HgXjjx94Wcl4KZoCVGYOgdUt3PJQICQ0GL_vy0V387A6-aIDtzM_ajTikREb6iC52RRpfEJ4tNELm_HnbT6UJMxHmenxtEvZ-afXat-Hw2lC0yWuYAGaCe_oDZumCPjsbMlJFLPdnj1QfXuJNndULcjdw', 'expires_at': 1785508765}.
2026-07-31 13:39:25.710 UTC [DEBUG   ] ThreadPoolExecutor-0_0 - Starting new HTTPS connection (1): az-phx-001.cognitedata.com:443
2026-07-31 13:39:25.911 UTC [DEBUG   ] ThreadPoolExecutor-0_0 - https://az-phx-001.cognitedata.com:443 "POST /api/v1/projects/bdx-dev/extpipes/byids HTTP/1.1" 200 394
2026-07-31 13:39:25.911 UTC [DEBUG   ] ThreadPoolExecutor-0_0 - HTTP/1.1 POST https://az-phx-001.cognitedata.com/api/v1/projects/bdx-dev/extpipes/byids 200
2026-07-31 13:39:25.911 UTC [INFO    ] MainThread - Starting heartbeat loop
2026-07-31 13:39:25.911 UTC [INFO    ] MainThread - Cognite DB Extractor version 3.10.1
2026-07-31 13:39:25.911 UTC [INFO    ] MainThread - Starting extraction of 15 queries
2026-07-31 13:39:25.911 UTC [INFO    ] MainThread - Extraction will run once. To run the extractor continuously use continuous mode
2026-07-31 13:39:26.909 UTC [INFO    ] QueryExecutor_0 - Connected to db-databricks-raw successfully
2026-07-31 13:39:26.909 UTC [INFO    ] QueryExecutor_2 - Connected to db-databricks-raw successfully
2026-07-31 13:39:26.909 UTC [INFO    ] QueryExecutor_0 - Starting extraction of extract-jdein-F42119
2026-07-31 13:39:26.909 UTC [INFO    ] QueryExecutor_2 - Starting extraction of extract-jdein-F3002
2026-07-31 13:39:26.909 UTC [INFO    ] QueryExecutor_0 - Getting rows from odbc
2026-07-31 13:39:26.909 UTC [INFO    ] QueryExecutor_2 - Getting rows from odbc
2026-07-31 13:39:26.909 UTC [INFO    ] QueryExecutor_1 - Connected to db-databricks-raw successfully
2026-07-31 13:39:26.909 UTC [INFO    ] QueryExecutor_1 - Starting extraction of extract-jdein-F4108
2026-07-31 13:39:26.909 UTC [INFO    ] QueryExecutor_1 - Getting rows from odbc
2026-07-31 13:39:27.208 UTC [INFO    ] QueryExecutor_3 - Connected to db-databricks-raw successfully
2026-07-31 13:39:27.208 UTC [INFO    ] QueryExecutor_3 - Starting extraction of extract-jdein-F4111
2026-07-31 13:39:27.208 UTC [INFO    ] QueryExecutor_3 - Getting rows from odbc
2026-07-31 13:39:32.078 UTC [ERROR   ] QueryExecutor_1 - DB error in extract-jdein-F4108: ('42P01', '[42P01] [Databricks][Hardy] (80) Syntax or semantic analysis error thrown in server while executing query. Error message from server: org.apache.hive.service.cli.HiveSQLException: Error running query: [TABLE_OR_VIEW_NOT_FOUND] org.apache.spark.sql.catalyst.ExtendedAnalysisException: [TABLE_OR_VIEW_NOT_FOUND] The table or view `hub_dev`.`g_external`.`v_cognite_f4108_jdeint` cannot be found. Verify the spelling and correctness of the schema and catalog.\nSearch path: [`system`.`session`, `system`.`builtin`, `system`.`ai`, `hub_dev`.`default`].\nIf you did not qualify the name with a schema, verify the current_schema() output, or qualify the name with the correct schema and catalog.\nTo tolerate the error on drop use DROP VIEW IF EXISTS or DROP TABLE IF EXISTS. SQLSTATE: 42P01; line 1 pos 66\n\tat org.apache.spark.sql.hive.thriftserver.HiveThriftServerErrors$.runningQueryError(HiveThriftServerErrors.scala:58)\n\tat org.apache.spark.sql.hive.thriftserver.SparkExecuteStatementOperation.$anonfun$execute$1(SparkExecuteStatementOperation.scala:1205)\n\tat scala.runtime.java8.JFunction0$mcV$sp.apply(JFunction0$mcV$sp.scala:18)\n\tat com.databricks.unity.UCSEphemeralState$Handle.runWith(UCSEphemeralState.scala:51)\n\tat com.databricks.unity.HandleImpl.runWith(UCSHandle.scala:128)\n\tat org.apache.spark.sql.hive.thriftserver.SparkExecuteStatementOperation.org$apache$spark$sql$hive$thriftserver$SparkExecuteStatementOperation$$execute(SparkExecuteStatementOperation.scala:898)\n\tat org.apache.spark.sql.hive.thriftserver.SparkExecuteStatementOperation$$anon$2$$anon$3.$anonfun$run$6(SparkExecuteStatementOperation.scala:647)\n\tat scala.runtime.java8.JFunction0$mcV$sp.apply(JFunction0$mcV$sp.scala:18)\n\tat org.apache.spark.sql.execution.SQLExecution$.withRootExecution(SQLExecution.scala:1538)\n\tat org.apache.spark.sql.hive.thriftserver.SparkExecuteStatementOperation$$anon$2$$anon$3.$anonfun$run$3(SparkExecuteStatementOperation.scala:647)\n\tat scala.runtime.java8.JFunction0$mcV$sp.apply(JFunction0$mcV$sp.scala:18)\n\tat com.databricks.util.TracingSpanUtils$.withTracing(TracingSpanUtils.scala:251)\n\tat com.databricks.spark.util.DatabricksTracingHelper.withSpan(DatabricksSparkTracingHelper.scala:154)\n\tat com.databricks.spark.util.DBRTracing$.withSpan(DBRTracing.scala:87)\n\tat org.apache.spark.sql.hive.thriftserver.ThriftLocalProperties.$anonfun$withLocalProperties$18(ThriftLocalProperties.scala:366)\n\tat com.databricks.logging.AttributionContextTracing.$anonfun$withAttributionContext$1(AttributionContextTracing.scala:146)\n\tat com.databricks.logging.AttributionContext$.$anonfun$withValue$1(AttributionContext.scala:349)\n\tat scala.util.DynamicVariable.withValue(DynamicVariable.scala:59)\n\tat com.databricks.logging.AttributionContext$.withValue(AttributionContext.scala:345)\n\tat com.databricks.logging.AttributionContextTracing.withAttributionContext(AttributionContextTracing.scala:144)\n\tat com.databricks.logging.AttributionContextTracing.withAttributionContext$(AttributionContextTracing.scala:141)\n\tat com.databricks.spark.util.PublicDBLogging.withAttributionContext(DatabricksSparkUsageLogger.scala:29)\n\tat com.databricks.logging.AttributionContextTracing.withAttributionTags(AttributionContextTracing.scala:201)\n\tat com.databricks.logging.AttributionContextTracing.withAttributionTags$(AttributionContextTracing.scala:182)\n\tat com.databricks.spark.util.PublicDBLogging.withAttributionTags(DatabricksSparkUsageLogger.scala:29)\n\tat com.databricks.spark.util.PublicDBLogging.withAttributionTags0(DatabricksSparkUsageLogger.scala:108)\n\tat com.databricks.spark.util.DatabricksSparkUsageLogger.withAttributionTags(DatabricksSparkUsageLogger.scala:215)\n\tat com.databricks.spark.util.UsageLogging.$anonfun$withAttributionTags$1(UsageLogger.scala:668)\n\tat com.databricks.spark.util.UsageLogging$.withAttributionTags(UsageLogger.scala:780)\n\tat com.databricks.spark.util.UsageLogging$.withAttributionTags(UsageLogger.scala:789)\n\tat com.databricks.spark.util.UsageLogging.withAttributionTags(UsageLogger.scala:668)\n\tat com.databricks.spark.util.UsageLogging.withAttributionTags$(UsageLogger.scala:666)\n\tat org.apache.spark.sql.hive.thriftserver.SparkExecuteStatementOperation.withAttributionTags(SparkExecuteStatementOperation.scala:79)\n\tat org.apache.spark.sql.hive.thriftserver.ThriftLocalProperties.$anonfun$withLocalProperties$15(ThriftLocalProperties.scala:365)\n\tat com.databricks.spark.util.IdentityClaim$.withClaim(IdentityClaim.scala:48)\n\tat org.apache.spark.sql.hive.thriftserver.ThriftLocalProperties.withLocalProperties(ThriftLocalProperties.scala:360)\n\tat org.apache.spark.sql.hive.thriftserver.ThriftLocalProperties.withLocalProperties$(ThriftLocalProperties.scala:180)\n\tat org.apache.spark.sql.hive.thriftserver.SparkExecuteStatementOperation.withLocalProperties(SparkExecuteStatementOperation.scala:79)\n\tat org.apache.spark.sql.hive.thriftserver.SparkExecuteStatementOperation$$anon$2$$anon$3.$anonfun$run$2(SparkExecuteStatementOperation.scala:623)\n\tat scala.runtime.java8.JFunction0$mcV$sp.apply(JFunction0$mcV$sp.scala:18)\n\tat com.databricks.spark.util.DBRTracing$.withSpanFromParent(DBRTracing.scala:70)\n\tat org.apache.spark.sql.hive.thriftserver.SparkExecuteStatementOperation$$anon$2$$anon$3.run(SparkExecuteStatementOperation.scala:623)\n\tat org.apache.spark.sql.hive.thriftserver.SparkExecuteStatementOperation$$anon$2$$anon$3.run(SparkExecuteStatementOperation.scala:596)\n\tat java.base/java.security.AccessController.doPrivileged(AccessController.java:712)\n\tat java.base/javax.security.auth.Subject.doAs(Subject.java:439)\n\tat org.apache.hadoop.security.UserGroupInformation.doAs(UserGroupInformation.java:1953)\n\tat org.apache.spark.sql.hive.thriftserver.SparkExecuteStatementOperation$$anon$2.run(SparkExecuteStatementOperation.scala:661)\n\tat java.base/java.util.concurrent.Executors$RunnableAdapter.call(Executors.java:539)\n\tat java.base/java.util.concurrent.FutureTask.run(FutureTask.java:264)\n\tat java.base/java.util.concurrent.ThreadPoolExecutor.runWorker(ThreadPoolExecutor.java:1136)\n\tat java.base/java.util.concurrent.ThreadPoolExecutor$Worker.run(ThreadPoolExecutor.java:635)\n\tat java.base/java.lang.Thread.run(Thread.java:840)\nCaused by: org.apache.spark.sql.catalyst.ExtendedAnalysisException: [TABLE_OR_VIEW_NOT_FOUND] The table or view `hub_dev`.`g_external`.`v_cognite_f4108_jdeint` cannot be found. Verify the spelling and correctness of the schema and catalog.\nSearch path: [`system`.`session`, `system`.`builtin`, `system`.`ai`, `hub_dev`.`default`].\nIf you did not qualify the name with a schema, verify the current_schema() output, or qualify the name with the correct schema and catalog.\nTo tolerate the error on drop use DROP VIEW IF EXISTS or DROP TABLE IF EXISTS. SQLSTATE: 42P01; line 1 pos 66\n\tat org.apache.spark.sql.catalyst.ExtendedAnalysisException.copyPlan(ExtendedAnalysisException.scala:97)\n\tat org.apache.spark.sql.hive.thriftserver.SparkExecuteStatementOperation.$anonfun$execute$1(SparkExecuteStatementOperation.scala:1158)\n\t... 50 more\n (80) (SQLExecDirectW)')
2026-07-31 13:39:32.360 UTC [ERROR   ] QueryExecutor_1 - Error in extraction of extract-jdein-F4108: 
2026-07-31 13:39:32.360 UTC [INFO    ] QueryExecutor_1 - Reporting new failure run: Error in extraction of extract-jdein-F4108: 
2026-07-31 13:39:32.395 UTC [DEBUG   ] ThreadPoolExecutor-0_0 - https://az-phx-001.cognitedata.com:443 "POST /api/v1/projects/bdx-dev/extpipes/runs HTTP/1.1" 200 175
2026-07-31 13:39:32.395 UTC [DEBUG   ] ThreadPoolExecutor-0_0 - HTTP/1.1 POST https://az-phx-001.cognitedata.com/api/v1/projects/bdx-dev/extpipes/runs 200
2026-07-31 13:39:32.990 UTC [INFO    ] QueryExecutor_1 - Connected to db-databricks-raw successfully
2026-07-31 13:39:32.990 UTC [INFO    ] QueryExecutor_1 - Starting extraction of extract-jdein-F0010
2026-07-31 13:39:32.990 UTC [INFO    ] QueryExecutor_1 - Getting rows from odbc
2026-07-31 13:39:37.796 UTC [INFO    ] QueryExecutor_1 - No more rows for extract-jdein-F0010. 10 rows extracted in 4.81 seconds
2026-07-31 13:39:37.812 UTC [INFO    ] QueryExecutor_1 - Reporting new success run: No more rows for extract-jdein-F0010. 10 rows extracted in 4.81 seconds
2026-07-31 13:39:37.844 UTC [DEBUG   ] ThreadPoolExecutor-0_0 - https://az-phx-001.cognitedata.com:443 "POST /api/v1/projects/bdx-dev/extpipes/runs HTTP/1.1" 200 203
2026-07-31 13:39:37.845 UTC [DEBUG   ] ThreadPoolExecutor-0_0 - HTTP/1.1 POST https://az-phx-001.cognitedata.com/api/v1/projects/bdx-dev/extpipes/runs 200
2026-07-31 13:39:37.987 UTC [DEBUG   ] ThreadPoolExecutor-0_0 - https://az-phx-001.cognitedata.com:443 "POST /api/v1/projects/bdx-dev/raw/dbs/db_databricks_jde_in_raw/tables/tb_F0010/rows?ensureParent=True HTTP/1.1" 200 6
2026-07-31 13:39:37.987 UTC [DEBUG   ] ThreadPoolExecutor-0_0 - HTTP/1.1 POST https://az-phx-001.cognitedata.com/api/v1/projects/bdx-dev/raw/dbs/db_databricks_jde_in_raw/tables/tb_F0010/rows?ensureParent=True 200
2026-07-31 13:39:38.003 UTC [INFO    ] QueryExecutor_1 - Uploaded 10 raw rows
2026-07-31 13:39:38.271 UTC [INFO    ] QueryExecutor_2 - No more rows for extract-jdein-F3002. 10 rows extracted in 11.4 seconds
2026-07-31 13:39:38.271 UTC [INFO    ] QueryExecutor_2 - Reporting new success run: No more rows for extract-jdein-F3002. 10 rows extracted in 11.4 seconds
2026-07-31 13:39:38.307 UTC [DEBUG   ] ThreadPoolExecutor-0_0 - https://az-phx-001.cognitedata.com:443 "POST /api/v1/projects/bdx-dev/extpipes/runs HTTP/1.1" 200 203
2026-07-31 13:39:38.313 UTC [DEBUG   ] ThreadPoolExecutor-0_0 - HTTP/1.1 POST https://az-phx-001.cognitedata.com/api/v1/projects/bdx-dev/extpipes/runs 200
2026-07-31 13:39:38.412 UTC [DEBUG   ] ThreadPoolExecutor-0_0 - https://az-phx-001.cognitedata.com:443 "POST /api/v1/projects/bdx-dev/raw/dbs/db_databricks_jde_in_raw/tables/tb_F3002/rows?ensureParent=True HTTP/1.1" 200 6
2026-07-31 13:39:38.412 UTC [DEBUG   ] ThreadPoolExecutor-0_0 - HTTP/1.1 POST https://az-phx-001.cognitedata.com/api/v1/projects/bdx-dev/raw/dbs/db_databricks_jde_in_raw/tables/tb_F3002/rows?ensureParent=True 200
2026-07-31 13:39:38.412 UTC [INFO    ] QueryExecutor_2 - Uploaded 10 raw rows
2026-07-31 13:39:38.627 UTC [INFO    ] QueryExecutor_1 - Connected to db-databricks-raw successfully
2026-07-31 13:39:38.642 UTC [INFO    ] QueryExecutor_1 - Starting extraction of extract-jdein-F4102
2026-07-31 13:39:38.642 UTC [INFO    ] QueryExecutor_1 - Getting rows from odbc
2026-07-31 13:39:38.800 UTC [INFO    ] QueryExecutor_0 - No more rows for extract-jdein-F42119. 10 rows extracted in 11.9 seconds
2026-07-31 13:39:38.800 UTC [INFO    ] QueryExecutor_0 - Reporting new success run: No more rows for extract-jdein-F42119. 10 rows extracted in 11.9 seconds
2026-07-31 13:39:38.800 UTC [INFO    ] QueryExecutor_3 - No more rows for extract-jdein-F4111. 10 rows extracted in 11.6 seconds
2026-07-31 13:39:38.800 UTC [INFO    ] QueryExecutor_3 - Reporting new success run: No more rows for extract-jdein-F4111. 10 rows extracted in 11.6 seconds
2026-07-31 13:39:38.815 UTC [DEBUG   ] ThreadPoolExecutor-0_1 - Starting new HTTPS connection (2): az-phx-001.cognitedata.com:443
2026-07-31 13:39:38.839 UTC [DEBUG   ] ThreadPoolExecutor-0_0 - https://az-phx-001.cognitedata.com:443 "POST /api/v1/projects/bdx-dev/extpipes/runs HTTP/1.1" 200 204
2026-07-31 13:39:38.840 UTC [DEBUG   ] ThreadPoolExecutor-0_0 - HTTP/1.1 POST https://az-phx-001.cognitedata.com/api/v1/projects/bdx-dev/extpipes/runs 200
2026-07-31 13:39:38.940 UTC [DEBUG   ] ThreadPoolExecutor-0_1 - https://az-phx-001.cognitedata.com:443 "POST /api/v1/projects/bdx-dev/extpipes/runs HTTP/1.1" 200 203
2026-07-31 13:39:38.940 UTC [DEBUG   ] ThreadPoolExecutor-0_1 - HTTP/1.1 POST https://az-phx-001.cognitedata.com/api/v1/projects/bdx-dev/extpipes/runs 200
2026-07-31 13:39:38.973 UTC [DEBUG   ] ThreadPoolExecutor-0_0 - https://az-phx-001.cognitedata.com:443 "POST /api/v1/projects/bdx-dev/raw/dbs/db_databricks_jde_in_raw/tables/tb_F42119/rows?ensureParent=True HTTP/1.1" 200 6
2026-07-31 13:39:38.975 UTC [DEBUG   ] ThreadPoolExecutor-0_0 - HTTP/1.1 POST https://az-phx-001.cognitedata.com/api/v1/projects/bdx-dev/raw/dbs/db_databricks_jde_in_raw/tables/tb_F42119/rows?ensureParent=True 200
2026-07-31 13:39:39.058 UTC [DEBUG   ] ThreadPoolExecutor-0_1 - https://az-phx-001.cognitedata.com:443 "POST /api/v1/projects/bdx-dev/raw/dbs/db_databricks_jde_in_raw/tables/tb_F4111/rows?ensureParent=True HTTP/1.1" 200 6
2026-07-31 13:39:39.059 UTC [DEBUG   ] ThreadPoolExecutor-0_1 - HTTP/1.1 POST https://az-phx-001.cognitedata.com/api/v1/projects/bdx-dev/raw/dbs/db_databricks_jde_in_raw/tables/tb_F4111/rows?ensureParent=True 200
2026-07-31 13:39:39.059 UTC [INFO    ] QueryExecutor_0 - Uploaded 20 raw rows
2026-07-31 13:39:39.060 UTC [INFO    ] QueryExecutor_3 - Uploaded 0 raw rows
2026-07-31 13:39:39.725 UTC [INFO    ] QueryExecutor_2 - Connected to db-databricks-raw successfully
2026-07-31 13:39:39.725 UTC [INFO    ] QueryExecutor_2 - Starting extraction of extract-jdein-F03012
2026-07-31 13:39:39.725 UTC [INFO    ] QueryExecutor_2 - Getting rows from odbc
2026-07-31 13:39:39.852 UTC [INFO    ] QueryExecutor_0 - Connected to db-databricks-raw successfully
2026-07-31 13:39:39.852 UTC [INFO    ] QueryExecutor_0 - Starting extraction of extract-jdein-F30026
2026-07-31 13:39:39.852 UTC [INFO    ] QueryExecutor_0 - Getting rows from odbc
2026-07-31 13:39:39.932 UTC [INFO    ] QueryExecutor_3 - Connected to db-databricks-raw successfully
2026-07-31 13:39:39.932 UTC [INFO    ] QueryExecutor_3 - Starting extraction of extract-jdein-F3003
2026-07-31 13:39:39.933 UTC [INFO    ] QueryExecutor_3 - Getting rows from odbc
2026-07-31 13:39:40.960 UTC [INFO    ] QueryExecutor_0 - No more rows for extract-jdein-F30026. 5 rows extracted in 1.11 seconds
2026-07-31 13:39:40.960 UTC [INFO    ] QueryExecutor_0 - Reporting new success run: No more rows for extract-jdein-F30026. 5 rows extracted in 1.11 seconds
2026-07-31 13:39:41.002 UTC [DEBUG   ] ThreadPoolExecutor-0_0 - https://az-phx-001.cognitedata.com:443 "POST /api/v1/projects/bdx-dev/extpipes/runs HTTP/1.1" 200 203
2026-07-31 13:39:41.003 UTC [DEBUG   ] ThreadPoolExecutor-0_0 - HTTP/1.1 POST https://az-phx-001.cognitedata.com/api/v1/projects/bdx-dev/extpipes/runs 200
2026-07-31 13:39:41.100 UTC [DEBUG   ] ThreadPoolExecutor-0_1 - https://az-phx-001.cognitedata.com:443 "POST /api/v1/projects/bdx-dev/raw/dbs/db_databricks_jde_in_raw/tables/tb_F30026/rows?ensureParent=True HTTP/1.1" 200 6
2026-07-31 13:39:41.100 UTC [DEBUG   ] ThreadPoolExecutor-0_1 - HTTP/1.1 POST https://az-phx-001.cognitedata.com/api/v1/projects/bdx-dev/raw/dbs/db_databricks_jde_in_raw/tables/tb_F30026/rows?ensureParent=True 200
2026-07-31 13:39:41.100 UTC [INFO    ] QueryExecutor_0 - Uploaded 5 raw rows
2026-07-31 13:39:41.100 UTC [INFO    ] QueryExecutor_3 - No more rows for extract-jdein-F3003. 10 rows extracted in 1.17 seconds
2026-07-31 13:39:41.100 UTC [INFO    ] QueryExecutor_3 - Reporting new success run: No more rows for extract-jdein-F3003. 10 rows extracted in 1.17 seconds
2026-07-31 13:39:41.144 UTC [DEBUG   ] ThreadPoolExecutor-0_0 - https://az-phx-001.cognitedata.com:443 "POST /api/v1/projects/bdx-dev/extpipes/runs HTTP/1.1" 200 203
2026-07-31 13:39:41.145 UTC [DEBUG   ] ThreadPoolExecutor-0_0 - HTTP/1.1 POST https://az-phx-001.cognitedata.com/api/v1/projects/bdx-dev/extpipes/runs 200
2026-07-31 13:39:41.231 UTC [DEBUG   ] ThreadPoolExecutor-0_1 - https://az-phx-001.cognitedata.com:443 "POST /api/v1/projects/bdx-dev/raw/dbs/db_databricks_jde_in_raw/tables/tb_F3003/rows?ensureParent=True HTTP/1.1" 200 6
2026-07-31 13:39:41.232 UTC [DEBUG   ] ThreadPoolExecutor-0_1 - HTTP/1.1 POST https://az-phx-001.cognitedata.com/api/v1/projects/bdx-dev/raw/dbs/db_databricks_jde_in_raw/tables/tb_F3003/rows?ensureParent=True 200
2026-07-31 13:39:41.233 UTC [INFO    ] QueryExecutor_3 - Uploaded 10 raw rows
2026-07-31 13:39:42.316 UTC [INFO    ] QueryExecutor_0 - Connected to db-databricks-raw successfully
2026-07-31 13:39:42.332 UTC [INFO    ] QueryExecutor_0 - Starting extraction of extract-jdein-F4301
2026-07-31 13:39:42.332 UTC [INFO    ] QueryExecutor_0 - Getting rows from odbc
2026-07-31 13:39:42.332 UTC [INFO    ] QueryExecutor_3 - Connected to db-databricks-raw successfully
2026-07-31 13:39:42.332 UTC [INFO    ] QueryExecutor_3 - Starting extraction of extract-jdein-F4201
2026-07-31 13:39:42.332 UTC [INFO    ] QueryExecutor_3 - Getting rows from odbc
2026-07-31 13:39:43.503 UTC [INFO    ] QueryExecutor_1 - No more rows for extract-jdein-F4102. 10 rows extracted in 4.86 seconds
2026-07-31 13:39:43.503 UTC [INFO    ] QueryExecutor_1 - Reporting new success run: No more rows for extract-jdein-F4102. 10 rows extracted in 4.86 seconds
2026-07-31 13:39:43.549 UTC [DEBUG   ] ThreadPoolExecutor-0_0 - https://az-phx-001.cognitedata.com:443 "POST /api/v1/projects/bdx-dev/extpipes/runs HTTP/1.1" 200 203
2026-07-31 13:39:43.550 UTC [DEBUG   ] ThreadPoolExecutor-0_0 - HTTP/1.1 POST https://az-phx-001.cognitedata.com/api/v1/projects/bdx-dev/extpipes/runs 200
2026-07-31 13:39:43.642 UTC [DEBUG   ] ThreadPoolExecutor-0_1 - https://az-phx-001.cognitedata.com:443 "POST /api/v1/projects/bdx-dev/raw/dbs/db_databricks_jde_in_raw/tables/tb_F4102/rows?ensureParent=True HTTP/1.1" 200 6
2026-07-31 13:39:43.643 UTC [DEBUG   ] ThreadPoolExecutor-0_1 - HTTP/1.1 POST https://az-phx-001.cognitedata.com/api/v1/projects/bdx-dev/raw/dbs/db_databricks_jde_in_raw/tables/tb_F4102/rows?ensureParent=True 200
2026-07-31 13:39:43.643 UTC [INFO    ] QueryExecutor_1 - Uploaded 10 raw rows
2026-07-31 13:39:43.645 UTC [INFO    ] QueryExecutor_0 - No more rows for extract-jdein-F4301. 10 rows extracted in 1.31 seconds
2026-07-31 13:39:43.645 UTC [INFO    ] QueryExecutor_0 - Reporting new success run: No more rows for extract-jdein-F4301. 10 rows extracted in 1.31 seconds
2026-07-31 13:39:43.660 UTC [INFO    ] QueryExecutor_2 - No more rows for extract-jdein-F03012. 10 rows extracted in 3.94 seconds
2026-07-31 13:39:43.661 UTC [INFO    ] QueryExecutor_2 - Reporting new success run: No more rows for extract-jdein-F03012. 10 rows extracted in 3.94 seconds
2026-07-31 13:39:43.675 UTC [DEBUG   ] ThreadPoolExecutor-0_0 - https://az-phx-001.cognitedata.com:443 "POST /api/v1/projects/bdx-dev/extpipes/runs HTTP/1.1" 200 203
2026-07-31 13:39:43.676 UTC [DEBUG   ] ThreadPoolExecutor-0_0 - HTTP/1.1 POST https://az-phx-001.cognitedata.com/api/v1/projects/bdx-dev/extpipes/runs 200
2026-07-31 13:39:43.691 UTC [DEBUG   ] ThreadPoolExecutor-0_1 - https://az-phx-001.cognitedata.com:443 "POST /api/v1/projects/bdx-dev/extpipes/runs HTTP/1.1" 200 204
2026-07-31 13:39:43.691 UTC [DEBUG   ] ThreadPoolExecutor-0_1 - HTTP/1.1 POST https://az-phx-001.cognitedata.com/api/v1/projects/bdx-dev/extpipes/runs 200
2026-07-31 13:39:43.744 UTC [DEBUG   ] ThreadPoolExecutor-0_0 - https://az-phx-001.cognitedata.com:443 "POST /api/v1/projects/bdx-dev/raw/dbs/db_databricks_jde_in_raw/tables/tb_F4301/rows?ensureParent=True HTTP/1.1" 200 6
2026-07-31 13:39:43.745 UTC [DEBUG   ] ThreadPoolExecutor-0_0 - HTTP/1.1 POST https://az-phx-001.cognitedata.com/api/v1/projects/bdx-dev/raw/dbs/db_databricks_jde_in_raw/tables/tb_F4301/rows?ensureParent=True 200
2026-07-31 13:39:43.818 UTC [DEBUG   ] ThreadPoolExecutor-0_1 - https://az-phx-001.cognitedata.com:443 "POST /api/v1/projects/bdx-dev/raw/dbs/db_databricks_jde_in_raw/tables/tb_F03012/rows?ensureParent=True HTTP/1.1" 200 6
2026-07-31 13:39:43.818 UTC [DEBUG   ] ThreadPoolExecutor-0_1 - HTTP/1.1 POST https://az-phx-001.cognitedata.com/api/v1/projects/bdx-dev/raw/dbs/db_databricks_jde_in_raw/tables/tb_F03012/rows?ensureParent=True 200
2026-07-31 13:39:43.819 UTC [INFO    ] QueryExecutor_0 - Uploaded 20 raw rows
2026-07-31 13:39:43.819 UTC [INFO    ] QueryExecutor_2 - Uploaded 0 raw rows
2026-07-31 13:39:44.234 UTC [INFO    ] QueryExecutor_1 - Connected to db-databricks-raw successfully
2026-07-31 13:39:44.234 UTC [INFO    ] QueryExecutor_1 - Starting extraction of extract-jdein-F4211
2026-07-31 13:39:44.234 UTC [INFO    ] QueryExecutor_1 - Getting rows from odbc
2026-07-31 13:39:45.120 UTC [INFO    ] QueryExecutor_0 - Connected to db-databricks-raw successfully
2026-07-31 13:39:45.120 UTC [INFO    ] QueryExecutor_0 - Starting extraction of extract-jdein-F41002
2026-07-31 13:39:45.120 UTC [INFO    ] QueryExecutor_0 - Getting rows from odbc
2026-07-31 13:39:45.136 UTC [INFO    ] QueryExecutor_2 - Connected to db-databricks-raw successfully
2026-07-31 13:39:45.136 UTC [INFO    ] QueryExecutor_2 - Starting extraction of extract-jdein-F40072
2026-07-31 13:39:45.136 UTC [INFO    ] QueryExecutor_2 - Getting rows from odbc
2026-07-31 13:39:45.862 UTC [INFO    ] QueryExecutor_1 - No more rows for extract-jdein-F4211. 10 rows extracted in 1.63 seconds
2026-07-31 13:39:45.862 UTC [INFO    ] QueryExecutor_1 - Reporting new success run: No more rows for extract-jdein-F4211. 10 rows extracted in 1.63 seconds
2026-07-31 13:39:45.899 UTC [DEBUG   ] ThreadPoolExecutor-0_0 - https://az-phx-001.cognitedata.com:443 "POST /api/v1/projects/bdx-dev/extpipes/runs HTTP/1.1" 200 203
2026-07-31 13:39:45.899 UTC [DEBUG   ] ThreadPoolExecutor-0_0 - HTTP/1.1 POST https://az-phx-001.cognitedata.com/api/v1/projects/bdx-dev/extpipes/runs 200
2026-07-31 13:39:45.989 UTC [DEBUG   ] ThreadPoolExecutor-0_1 - https://az-phx-001.cognitedata.com:443 "POST /api/v1/projects/bdx-dev/raw/dbs/db_databricks_jde_in_raw/tables/tb_F4211/rows?ensureParent=True HTTP/1.1" 200 6
2026-07-31 13:39:45.990 UTC [DEBUG   ] ThreadPoolExecutor-0_1 - HTTP/1.1 POST https://az-phx-001.cognitedata.com/api/v1/projects/bdx-dev/raw/dbs/db_databricks_jde_in_raw/tables/tb_F4211/rows?ensureParent=True 200
2026-07-31 13:39:45.990 UTC [INFO    ] QueryExecutor_1 - Uploaded 10 raw rows
2026-07-31 13:39:45.992 UTC [INFO    ] QueryExecutor_0 - No more rows for extract-jdein-F41002. 10 rows extracted in 0.871 seconds
2026-07-31 13:39:45.992 UTC [INFO    ] QueryExecutor_2 - No more rows for extract-jdein-F40072. 10 rows extracted in 0.856 seconds
2026-07-31 13:39:45.992 UTC [INFO    ] QueryExecutor_0 - Reporting new success run: No more rows for extract-jdein-F41002. 10 rows extracted in 0.871 seconds
2026-07-31 13:39:45.993 UTC [INFO    ] QueryExecutor_2 - Reporting new success run: No more rows for extract-jdein-F40072. 10 rows extracted in 0.856 seconds
2026-07-31 13:39:46.024 UTC [DEBUG   ] ThreadPoolExecutor-0_0 - https://az-phx-001.cognitedata.com:443 "POST /api/v1/projects/bdx-dev/extpipes/runs HTTP/1.1" 200 205
2026-07-31 13:39:46.025 UTC [DEBUG   ] ThreadPoolExecutor-0_0 - HTTP/1.1 POST https://az-phx-001.cognitedata.com/api/v1/projects/bdx-dev/extpipes/runs 200
2026-07-31 13:39:46.029 UTC [DEBUG   ] ThreadPoolExecutor-0_1 - https://az-phx-001.cognitedata.com:443 "POST /api/v1/projects/bdx-dev/extpipes/runs HTTP/1.1" 200 205
2026-07-31 13:39:46.030 UTC [DEBUG   ] ThreadPoolExecutor-0_1 - HTTP/1.1 POST https://az-phx-001.cognitedata.com/api/v1/projects/bdx-dev/extpipes/runs 200
2026-07-31 13:39:46.110 UTC [DEBUG   ] ThreadPoolExecutor-0_0 - https://az-phx-001.cognitedata.com:443 "POST /api/v1/projects/bdx-dev/raw/dbs/db_databricks_jde_in_raw/tables/tb_F40072/rows?ensureParent=True HTTP/1.1" 200 6
2026-07-31 13:39:46.110 UTC [DEBUG   ] ThreadPoolExecutor-0_0 - HTTP/1.1 POST https://az-phx-001.cognitedata.com/api/v1/projects/bdx-dev/raw/dbs/db_databricks_jde_in_raw/tables/tb_F40072/rows?ensureParent=True 200
2026-07-31 13:39:46.209 UTC [DEBUG   ] ThreadPoolExecutor-0_1 - https://az-phx-001.cognitedata.com:443 "POST /api/v1/projects/bdx-dev/raw/dbs/db_databricks_jde_in_raw/tables/tb_F41002/rows?ensureParent=True HTTP/1.1" 200 6
2026-07-31 13:39:46.210 UTC [DEBUG   ] ThreadPoolExecutor-0_1 - HTTP/1.1 POST https://az-phx-001.cognitedata.com/api/v1/projects/bdx-dev/raw/dbs/db_databricks_jde_in_raw/tables/tb_F41002/rows?ensureParent=True 200
2026-07-31 13:39:46.210 UTC [INFO    ] QueryExecutor_0 - Uploaded 20 raw rows
2026-07-31 13:39:46.211 UTC [INFO    ] QueryExecutor_2 - Uploaded 0 raw rows
2026-07-31 13:39:46.342 UTC [INFO    ] QueryExecutor_3 - No more rows for extract-jdein-F4201. 10 rows extracted in 4.01 seconds
2026-07-31 13:39:46.342 UTC [INFO    ] QueryExecutor_3 - Reporting new success run: No more rows for extract-jdein-F4201. 10 rows extracted in 4.01 seconds
2026-07-31 13:39:46.388 UTC [DEBUG   ] ThreadPoolExecutor-0_0 - https://az-phx-001.cognitedata.com:443 "POST /api/v1/projects/bdx-dev/extpipes/runs HTTP/1.1" 200 203
2026-07-31 13:39:46.388 UTC [DEBUG   ] ThreadPoolExecutor-0_0 - HTTP/1.1 POST https://az-phx-001.cognitedata.com/api/v1/projects/bdx-dev/extpipes/runs 200
2026-07-31 13:39:46.516 UTC [DEBUG   ] ThreadPoolExecutor-0_1 - https://az-phx-001.cognitedata.com:443 "POST /api/v1/projects/bdx-dev/raw/dbs/db_databricks_jde_in_raw/tables/tb_F4201/rows?ensureParent=True HTTP/1.1" 200 6
2026-07-31 13:39:46.516 UTC [DEBUG   ] ThreadPoolExecutor-0_1 - HTTP/1.1 POST https://az-phx-001.cognitedata.com/api/v1/projects/bdx-dev/raw/dbs/db_databricks_jde_in_raw/tables/tb_F4201/rows?ensureParent=True 200
2026-07-31 13:39:46.516 UTC [INFO    ] QueryExecutor_3 - Uploaded 10 raw rows
2026-07-31 13:39:46.620 UTC [INFO    ] QueryExecutor_1 - Connected to db-databricks-raw successfully
2026-07-31 13:39:46.620 UTC [INFO    ] QueryExecutor_1 - Starting extraction of extract-jdein-F40306
2026-07-31 13:39:46.620 UTC [INFO    ] QueryExecutor_1 - Getting rows from odbc
2026-07-31 13:39:47.259 UTC [INFO    ] QueryExecutor_1 - No more rows for extract-jdein-F40306. 0 rows extracted in 0.639 seconds
2026-07-31 13:39:47.259 UTC [INFO    ] QueryExecutor_1 - Reporting new success run: No more rows for extract-jdein-F40306. 0 rows extracted in 0.639 seconds
2026-07-31 13:39:47.302 UTC [DEBUG   ] ThreadPoolExecutor-0_0 - https://az-phx-001.cognitedata.com:443 "POST /api/v1/projects/bdx-dev/extpipes/runs HTTP/1.1" 200 204
2026-07-31 13:39:47.302 UTC [DEBUG   ] ThreadPoolExecutor-0_0 - HTTP/1.1 POST https://az-phx-001.cognitedata.com/api/v1/projects/bdx-dev/extpipes/runs 200
2026-07-31 13:39:47.635 UTC [INFO    ] MainThread - Reporting new failure run: RuntimeError: Some queries finished with errors: extract-jdein-F4108
2026-07-31 13:39:47.657 UTC [DEBUG   ] ConfigReloader - Loading local config file
2026-07-31 13:39:47.687 UTC [DEBUG   ] ThreadPoolExecutor-0_1 - https://az-phx-001.cognitedata.com:443 "POST /api/v1/projects/bdx-dev/extpipes/runs HTTP/1.1" 200 200
2026-07-31 13:39:47.688 UTC [DEBUG   ] ThreadPoolExecutor-0_1 - HTTP/1.1 POST https://az-phx-001.cognitedata.com/api/v1/projects/bdx-dev/extpipes/runs 200
